[2026-07-01 17:46:26] Renovando token se necessario...
[2026-07-01 17:46:27] Verificando posts aprovados...
[2026-07-01 17:46:27] Publicando: 12_2026-07-04_kit-cantinho-leitura
[2026-07-01 17:47:10] Sucesso: 12_2026-07-04_kit-cantinho-leitura
[2026-07-03 14:33:19] Renovando token se necessario...
[2026-07-03 14:33:19] Verificando posts aprovados...
[2026-07-03 14:33:19] Publicando: 20260703_1431_estados-municipios-e-distrito-federal-recebem-r-519-bilhoes-
[2026-07-03 14:33:39] Sucesso: 20260703_1431_estados-municipios-e-distrito-federal-recebem-r-519-bilhoes-
[2026-07-10 14:52:41] Renovando token se necessario...
[2026-07-10 14:52:42] Verificando posts aprovados...
[2026-07-10 14:52:42] Publicando: 20260710_1450_defeso-eleitoral-comeca-em-4-de-julho-e-exige-ajustes-na-com
[2026-07-10 14:53:07] Sucesso: 20260710_1450_defeso-eleitoral-comeca-em-4-de-julho-e-exige-ajustes-na-com
[2026-07-22 12:05:17] Renovando token se necessario...
[2026-07-22 12:05:18] Verificando posts aprovados...
[2026-07-22 12:05:18] Publicando: 20260722_1203_exu-abre-licitacao-de-r-226-mil-para-compra-de-material-de-c
[2026-07-22 12:05:48] Sucesso: 20260722_1203_exu-abre-licitacao-de-r-226-mil-para-compra-de-material-de-c
[2026-07-29 12:21:50] Renovando token se necessario...
[2026-07-29 12:21:51] Verificando posts aprovados...
[2026-07-29 12:21:51] Publicando: 20260729_1219_ministerio-publico-brasileiro-lanca-ferramenta-para-populaca
[2026-07-29 12:22:18] Sucesso: 20260729_1219_ministerio-publico-brasileiro-lanca-ferramenta-para-populaca
